{"level":"info","msg":"Running Migration","MachineName":"cassandra_to_cassandra_name_lookup"}
{"level":"info","msg":"Source query args expected.","MachineName":"cassandra_to_cassandra_name_lookup","ExpectedNArgs":1,"ReceivedNArgs":1}
{"level":"info","msg":"Source query.","SourceQuery":"SELECT name, system FROM migration_data WHERE system = ?","SourceArgs":["example"]}
{"level":"info","msg":"Migration DestinationDb","MachineName":"cassandra_dev"}
{"level":"info","msg":"Migration Driver","MachineName":"cassandra"}
{"level":"info","msg":"Migrating data.","Type":"Start","FromDb":"cassandra_dev","ToDb":"cassandra_dev","SetupDuration":0}
{"level":"debug","msg":"Status","Type":"MigrationStatus","Count":1,"MachineName":"cassandra_to_cassandra_name_lookup","Query":"UPDATE migration_name SET b64enc = 'VGVzdCAxYSBmcm9tIGphdmFzY3JpcHQh', sha256sum = '49f84da7062b835d25d77765d0e9f3ee909fc77317fd6851bceee9d4fae87882' WHERE system = ? AND name = ?","Args":["example","Test 1a from javascript!"],"MachineName":"cassandra_to_cassandra_name_lookup","Duration":0}
{"level":"debug","msg":"Status","Type":"MigrationStatus","Count":2,"MachineName":"cassandra_to_cassandra_name_lookup","Query":"UPDATE migration_name SET b64enc = 'VGVzdCAz', sha256sum = '4a13e678473eddaa38956c52a185d6389dfcdf60338957dbd4a3c27b4862fa0b' WHERE system = ? AND name = ?","Args":["example","Test 3"],"MachineName":"cassandra_to_cassandra_name_lookup","Duration":0}
{"level":"debug","msg":"Status","Type":"MigrationStatus","Count":3,"MachineName":"cassandra_to_cassandra_name_lookup","Query":"UPDATE migration_name SET b64enc = 'R2VuZXJpYw==', sha256sum = '0228c6d48ecf92b90092974400dbf3907b57ad1ae7db8e7fd2ae0851e3ba8079' WHERE system = ? AND name = ?","Args":["example","Generic"],"MachineName":"cassandra_to_cassandra_name_lookup","Duration":0}
{"level":"debug","msg":"Status","Type":"MigrationStatus","Count":4,"MachineName":"cassandra_to_cassandra_name_lookup","Query":"UPDATE migration_name SET b64enc = 'R2VuZXJpYw==', sha256sum = '0228c6d48ecf92b90092974400dbf3907b57ad1ae7db8e7fd2ae0851e3ba8079' WHERE system = ? AND name = ?","Args":["example","Generic"],"MachineName":"cassandra_to_cassandra_name_lookup","Duration":0}
{"level":"debug","msg":"Status","Type":"MigrationStatus","Count":5,"MachineName":"cassandra_to_cassandra_name_lookup","Query":"UPDATE migration_name SET b64enc = 'R2VuZXJpYw==', sha256sum = '0228c6d48ecf92b90092974400dbf3907b57ad1ae7db8e7fd2ae0851e3ba8079' WHERE system = ? AND name = ?","Args":["example","Generic"],"MachineName":"cassandra_to_cassandra_name_lookup","Duration":0}
{"level":"debug","msg":"Status","Type":"MigrationStatus","Count":6,"MachineName":"cassandra_to_cassandra_name_lookup","Query":"UPDATE migration_name SET b64enc = 'R2VuZXJpYw==', sha256sum = '0228c6d48ecf92b90092974400dbf3907b57ad1ae7db8e7fd2ae0851e3ba8079' WHERE system = ? AND name = ?","Args":["example","Generic"],"MachineName":"cassandra_to_cassandra_name_lookup","Duration":0}
{"level":"debug","msg":"Status","Type":"MigrationStatus","Count":7,"MachineName":"cassandra_to_cassandra_name_lookup","Query":"UPDATE migration_name SET b64enc = 'R2VuZXJpYw==', sha256sum = '0228c6d48ecf92b90092974400dbf3907b57ad1ae7db8e7fd2ae0851e3ba8079' WHERE system = ? AND name = ?","Args":["example","Generic"],"MachineName":"cassandra_to_cassandra_name_lookup","Duration":0}
{"level":"debug","msg":"Status","Type":"MigrationStatus","Count":8,"MachineName":"cassandra_to_cassandra_name_lookup","Query":"UPDATE migration_name SET b64enc = 'R2VuZXJpYw==', sha256sum = '0228c6d48ecf92b90092974400dbf3907b57ad1ae7db8e7fd2ae0851e3ba8079' WHERE system = ? AND name = ?","Args":["example","Generic"],"MachineName":"cassandra_to_cassandra_name_lookup","Duration":0}
{"level":"debug","msg":"Status","Type":"MigrationStatus","Count":9,"MachineName":"cassandra_to_cassandra_name_lookup","Query":"UPDATE migration_name SET b64enc = 'R2VuZXJpYw==', sha256sum = '0228c6d48ecf92b90092974400dbf3907b57ad1ae7db8e7fd2ae0851e3ba8079' WHERE system = ? AND name = ?","Args":["example","Generic"],"MachineName":"cassandra_to_cassandra_name_lookup","Duration":0}
{"level":"info","msg":"Done with migration.","MachineName":"cassandra_to_cassandra_name_lookup","Type":"Done","SetupDuration":0,"ProcessingDuration":0,"TotalDuration":0,"TotalProcessed":9}
